
Loading model + SAE on cuda ...
Loaded pretrained model gemma-2-2b into HookedTransformer
Selected: layer=19, arch=relu, sparsity=20
  release = sae_bench_gemma-2-2b_vanilla_width-2pow14_date-1109
  sae_id  = blocks.19.hook_resid_post__trainer_0

Building ActivationsStore (dataset='NeelNanda/pile-10k', context_size=128) ...

Collecting 1220 batches of 32 x 128 tokens
  hook: blocks.19.hook_resid_post  |  stop_at_layer: 20
  shard_size: 10000 token positions

  Saved 5_acts_small_layer19_relu_20_20260612_144312/X_shard000.pt  (12288, 2304)
  Saved 5_acts_small_layer19_relu_20_20260612_144312/Z_shard000.pt  (12288, 16384)
  Saved 5_acts_small_layer19_relu_20_20260612_144312/X_shard001.pt  (12288, 2304)
  Saved 5_acts_small_layer19_relu_20_20260612_144312/Z_shard001.pt  (12288, 16384)
  Saved 5_acts_small_layer19_relu_20_20260612_144312/X_shard002.pt  (12288, 2304)
  Saved 5_acts_small_layer19_relu_20_20260612_144312/Z_shard002.pt  (12288, 16384)
  Saved 5_acts_small_layer19_relu_20_20260612_144312/X_shard003.pt  (12288, 2304)
  Saved 5_acts_small_layer19_relu_20_20260612_144312/Z_shard003.pt  (12288, 16384)
  Saved 5_acts_small_layer19_relu_20_20260612_144312/X_shard004.pt  (12288, 2304)
  Saved 5_acts_small_layer19_relu_20_20260612_144312/Z_shard004.pt  (12288, 16384)
  Saved 5_acts_small_layer19_relu_20_20260612_144312/X_shard005.pt  (12288, 2304)
  Saved 5_acts_small_layer19_relu_20_20260612_144312/Z_shard005.pt  (12288, 16384)
  Saved 5_acts_small_layer19_relu_20_20260612_144312/X_shard006.pt  (12288, 2304)
  Saved 5_acts_small_layer19_relu_20_20260612_144312/Z_shard006.pt  (12288, 16384)
  Saved 5_acts_small_layer19_relu_20_20260612_144312/X_shard007.pt  (12288, 2304)
  Saved 5_acts_small_layer19_relu_20_20260612_144312/Z_shard007.pt  (12288, 16384)
  Saved 5_acts_small_layer19_relu_20_20260612_144312/X_shard008.pt  (12288, 2304)
  Saved 5_acts_small_layer19_relu_20_20260612_144312/Z_shard008.pt  (12288, 16384)
  Saved 5_acts_small_layer19_relu_20_20260612_144312/X_shard009.pt  (12288, 2304)
  Saved 5_acts_small_layer19_relu_20_20260612_144312/Z_shard009.pt  (12288, 16384)
  Saved 5_acts_small_layer19_relu_20_20260612_144312/X_shard010.pt  (12288, 2304)
  Saved 5_acts_small_layer19_relu_20_20260612_144312/Z_shard010.pt  (12288, 16384)
  Saved 5_acts_small_layer19_relu_20_20260612_144312/X_shard011.pt  (12288, 2304)
  Saved 5_acts_small_layer19_relu_20_20260612_144312/Z_shard011.pt  (12288, 16384)
  Saved 5_acts_small_layer19_relu_20_20260612_144312/X_shard012.pt  (12288, 2304)
  Saved 5_acts_small_layer19_relu_20_20260612_144312/Z_shard012.pt  (12288, 16384)
  Saved 5_acts_small_layer19_relu_20_20260612_144312/X_shard013.pt  (12288, 2304)
  Saved 5_acts_small_layer19_relu_20_20260612_144312/Z_shard013.pt  (12288, 16384)
  Saved 5_acts_small_layer19_relu_20_20260612_144312/X_shard014.pt  (12288, 2304)
  Saved 5_acts_small_layer19_relu_20_20260612_144312/Z_shard014.pt  (12288, 16384)
  Saved 5_acts_small_layer19_relu_20_20260612_144312/X_shard015.pt  (12288, 2304)
  Saved 5_acts_small_layer19_relu_20_20260612_144312/Z_shard015.pt  (12288, 16384)
  batch 50/1220 (8192 tokens buffered so far this shard) ...
  Saved 5_acts_small_layer19_relu_20_20260612_144312/X_shard016.pt  (12288, 2304)
  Saved 5_acts_small_layer19_relu_20_20260612_144312/Z_shard016.pt  (12288, 16384)
  Saved 5_acts_small_layer19_relu_20_20260612_144312/X_shard017.pt  (12288, 2304)
  Saved 5_acts_small_layer19_relu_20_20260612_144312/Z_shard017.pt  (12288, 16384)
  Saved 5_acts_small_layer19_relu_20_20260612_144312/X_shard018.pt  (12288, 2304)
  Saved 5_acts_small_layer19_relu_20_20260612_144312/Z_shard018.pt  (12288, 16384)
  Saved 5_acts_small_layer19_relu_20_20260612_144312/X_shard019.pt  (12288, 2304)
  Saved 5_acts_small_layer19_relu_20_20260612_144312/Z_shard019.pt  (12288, 16384)
  Saved 5_acts_small_layer19_relu_20_20260612_144312/X_shard020.pt  (12288, 2304)
  Saved 5_acts_small_layer19_relu_20_20260612_144312/Z_shard020.pt  (12288, 16384)
  Saved 5_acts_small_layer19_relu_20_20260612_144312/X_shard021.pt  (12288, 2304)
  Saved 5_acts_small_layer19_relu_20_20260612_144312/Z_shard021.pt  (12288, 16384)
  Saved 5_acts_small_layer19_relu_20_20260612_144312/X_shard022.pt  (12288, 2304)
  Saved 5_acts_small_layer19_relu_20_20260612_144312/Z_shard022.pt  (12288, 16384)
  Saved 5_acts_small_layer19_relu_20_20260612_144312/X_shard023.pt  (12288, 2304)
  Saved 5_acts_small_layer19_relu_20_20260612_144312/Z_shard023.pt  (12288, 16384)
  Saved 5_acts_small_layer19_relu_20_20260612_144312/X_shard024.pt  (12288, 2304)
  Saved 5_acts_small_layer19_relu_20_20260612_144312/Z_shard024.pt  (12288, 16384)
  Saved 5_acts_small_layer19_relu_20_20260612_144312/X_shard025.pt  (12288, 2304)
  Saved 5_acts_small_layer19_relu_20_20260612_144312/Z_shard025.pt  (12288, 16384)
  Saved 5_acts_small_layer19_relu_20_20260612_144312/X_shard026.pt  (12288, 2304)
  Saved 5_acts_small_layer19_relu_20_20260612_144312/Z_shard026.pt  (12288, 16384)
  Saved 5_acts_small_layer19_relu_20_20260612_144312/X_shard027.pt  (12288, 2304)
  Saved 5_acts_small_layer19_relu_20_20260612_144312/Z_shard027.pt  (12288, 16384)
  Saved 5_acts_small_layer19_relu_20_20260612_144312/X_shard028.pt  (12288, 2304)
  Saved 5_acts_small_layer19_relu_20_20260612_144312/Z_shard028.pt  (12288, 16384)
  Saved 5_acts_small_layer19_relu_20_20260612_144312/X_shard029.pt  (12288, 2304)
  Saved 5_acts_small_layer19_relu_20_20260612_144312/Z_shard029.pt  (12288, 16384)
  Saved 5_acts_small_layer19_relu_20_20260612_144312/X_shard030.pt  (12288, 2304)
  Saved 5_acts_small_layer19_relu_20_20260612_144312/Z_shard030.pt  (12288, 16384)
  Saved 5_acts_small_layer19_relu_20_20260612_144312/X_shard031.pt  (12288, 2304)
  Saved 5_acts_small_layer19_relu_20_20260612_144312/Z_shard031.pt  (12288, 16384)
  Saved 5_acts_small_layer19_relu_20_20260612_144312/X_shard032.pt  (12288, 2304)
  Saved 5_acts_small_layer19_relu_20_20260612_144312/Z_shard032.pt  (12288, 16384)
  batch 100/1220 (4096 tokens buffered so far this shard) ...
  Saved 5_acts_small_layer19_relu_20_20260612_144312/X_shard033.pt  (12288, 2304)
  Saved 5_acts_small_layer19_relu_20_20260612_144312/Z_shard033.pt  (12288, 16384)
  Saved 5_acts_small_layer19_relu_20_20260612_144312/X_shard034.pt  (12288, 2304)
  Saved 5_acts_small_layer19_relu_20_20260612_144312/Z_shard034.pt  (12288, 16384)
  Saved 5_acts_small_layer19_relu_20_20260612_144312/X_shard035.pt  (12288, 2304)
  Saved 5_acts_small_layer19_relu_20_20260612_144312/Z_shard035.pt  (12288, 16384)
  Saved 5_acts_small_layer19_relu_20_20260612_144312/X_shard036.pt  (12288, 2304)
  Saved 5_acts_small_layer19_relu_20_20260612_144312/Z_shard036.pt  (12288, 16384)
  Saved 5_acts_small_layer19_relu_20_20260612_144312/X_shard037.pt  (12288, 2304)
  Saved 5_acts_small_layer19_relu_20_20260612_144312/Z_shard037.pt  (12288, 16384)
  Saved 5_acts_small_layer19_relu_20_20260612_144312/X_shard038.pt  (12288, 2304)
  Saved 5_acts_small_layer19_relu_20_20260612_144312/Z_shard038.pt  (12288, 16384)
  Saved 5_acts_small_layer19_relu_20_20260612_144312/X_shard039.pt  (12288, 2304)
  Saved 5_acts_small_layer19_relu_20_20260612_144312/Z_shard039.pt  (12288, 16384)
  Saved 5_acts_small_layer19_relu_20_20260612_144312/X_shard040.pt  (12288, 2304)
  Saved 5_acts_small_layer19_relu_20_20260612_144312/Z_shard040.pt  (12288, 16384)
  Saved 5_acts_small_layer19_relu_20_20260612_144312/X_shard041.pt  (12288, 2304)
  Saved 5_acts_small_layer19_relu_20_20260612_144312/Z_shard041.pt  (12288, 16384)
  Saved 5_acts_small_layer19_relu_20_20260612_144312/X_shard042.pt  (12288, 2304)
  Saved 5_acts_small_layer19_relu_20_20260612_144312/Z_shard042.pt  (12288, 16384)
  Saved 5_acts_small_layer19_relu_20_20260612_144312/X_shard043.pt  (12288, 2304)
  Saved 5_acts_small_layer19_relu_20_20260612_144312/Z_shard043.pt  (12288, 16384)
  Saved 5_acts_small_layer19_relu_20_20260612_144312/X_shard044.pt  (12288, 2304)
  Saved 5_acts_small_layer19_relu_20_20260612_144312/Z_shard044.pt  (12288, 16384)
  Saved 5_acts_small_layer19_relu_20_20260612_144312/X_shard045.pt  (12288, 2304)
  Saved 5_acts_small_layer19_relu_20_20260612_144312/Z_shard045.pt  (12288, 16384)
  Saved 5_acts_small_layer19_relu_20_20260612_144312/X_shard046.pt  (12288, 2304)
  Saved 5_acts_small_layer19_relu_20_20260612_144312/Z_shard046.pt  (12288, 16384)
  Saved 5_acts_small_layer19_relu_20_20260612_144312/X_shard047.pt  (12288, 2304)
  Saved 5_acts_small_layer19_relu_20_20260612_144312/Z_shard047.pt  (12288, 16384)
  Saved 5_acts_small_layer19_relu_20_20260612_144312/X_shard048.pt  (12288, 2304)
  Saved 5_acts_small_layer19_relu_20_20260612_144312/Z_shard048.pt  (12288, 16384)
  Saved 5_acts_small_layer19_relu_20_20260612_144312/X_shard049.pt  (12288, 2304)
  Saved 5_acts_small_layer19_relu_20_20260612_144312/Z_shard049.pt  (12288, 16384)
  batch 150/1220 (0 tokens buffered so far this shard) ...
  Saved 5_acts_small_layer19_relu_20_20260612_144312/X_shard050.pt  (12288, 2304)
  Saved 5_acts_small_layer19_relu_20_20260612_144312/Z_shard050.pt  (12288, 16384)
  Saved 5_acts_small_layer19_relu_20_20260612_144312/X_shard051.pt  (12288, 2304)
  Saved 5_acts_small_layer19_relu_20_20260612_144312/Z_shard051.pt  (12288, 16384)
  Saved 5_acts_small_layer19_relu_20_20260612_144312/X_shard052.pt  (12288, 2304)
  Saved 5_acts_small_layer19_relu_20_20260612_144312/Z_shard052.pt  (12288, 16384)
  Saved 5_acts_small_layer19_relu_20_20260612_144312/X_shard053.pt  (12288, 2304)
  Saved 5_acts_small_layer19_relu_20_20260612_144312/Z_shard053.pt  (12288, 16384)
  Saved 5_acts_small_layer19_relu_20_20260612_144312/X_shard054.pt  (12288, 2304)
  Saved 5_acts_small_layer19_relu_20_20260612_144312/Z_shard054.pt  (12288, 16384)
  Saved 5_acts_small_layer19_relu_20_20260612_144312/X_shard055.pt  (12288, 2304)
  Saved 5_acts_small_layer19_relu_20_20260612_144312/Z_shard055.pt  (12288, 16384)
  Saved 5_acts_small_layer19_relu_20_20260612_144312/X_shard056.pt  (12288, 2304)
  Saved 5_acts_small_layer19_relu_20_20260612_144312/Z_shard056.pt  (12288, 16384)
  Saved 5_acts_small_layer19_relu_20_20260612_144312/X_shard057.pt  (12288, 2304)
  Saved 5_acts_small_layer19_relu_20_20260612_144312/Z_shard057.pt  (12288, 16384)
  Saved 5_acts_small_layer19_relu_20_20260612_144312/X_shard058.pt  (12288, 2304)
  Saved 5_acts_small_layer19_relu_20_20260612_144312/Z_shard058.pt  (12288, 16384)
  Saved 5_acts_small_layer19_relu_20_20260612_144312/X_shard059.pt  (12288, 2304)
  Saved 5_acts_small_layer19_relu_20_20260612_144312/Z_shard059.pt  (12288, 16384)
  Saved 5_acts_small_layer19_relu_20_20260612_144312/X_shard060.pt  (12288, 2304)
  Saved 5_acts_small_layer19_relu_20_20260612_144312/Z_shard060.pt  (12288, 16384)
  Saved 5_acts_small_layer19_relu_20_20260612_144312/X_shard061.pt  (12288, 2304)
  Saved 5_acts_small_layer19_relu_20_20260612_144312/Z_shard061.pt  (12288, 16384)
  Saved 5_acts_small_layer19_relu_20_20260612_144312/X_shard062.pt  (12288, 2304)
  Saved 5_acts_small_layer19_relu_20_20260612_144312/Z_shard062.pt  (12288, 16384)
  Saved 5_acts_small_layer19_relu_20_20260612_144312/X_shard063.pt  (12288, 2304)
  Saved 5_acts_small_layer19_relu_20_20260612_144312/Z_shard063.pt  (12288, 16384)
  Saved 5_acts_small_layer19_relu_20_20260612_144312/X_shard064.pt  (12288, 2304)
  Saved 5_acts_small_layer19_relu_20_20260612_144312/Z_shard064.pt  (12288, 16384)
  Saved 5_acts_small_layer19_relu_20_20260612_144312/X_shard065.pt  (12288, 2304)
  Saved 5_acts_small_layer19_relu_20_20260612_144312/Z_shard065.pt  (12288, 16384)
  batch 200/1220 (8192 tokens buffered so far this shard) ...
  Saved 5_acts_small_layer19_relu_20_20260612_144312/X_shard066.pt  (12288, 2304)
  Saved 5_acts_small_layer19_relu_20_20260612_144312/Z_shard066.pt  (12288, 16384)
  Saved 5_acts_small_layer19_relu_20_20260612_144312/X_shard067.pt  (12288, 2304)
  Saved 5_acts_small_layer19_relu_20_20260612_144312/Z_shard067.pt  (12288, 16384)
  Saved 5_acts_small_layer19_relu_20_20260612_144312/X_shard068.pt  (12288, 2304)
  Saved 5_acts_small_layer19_relu_20_20260612_144312/Z_shard068.pt  (12288, 16384)
  Saved 5_acts_small_layer19_relu_20_20260612_144312/X_shard069.pt  (12288, 2304)
  Saved 5_acts_small_layer19_relu_20_20260612_144312/Z_shard069.pt  (12288, 16384)
  Saved 5_acts_small_layer19_relu_20_20260612_144312/X_shard070.pt  (12288, 2304)
  Saved 5_acts_small_layer19_relu_20_20260612_144312/Z_shard070.pt  (12288, 16384)
  Saved 5_acts_small_layer19_relu_20_20260612_144312/X_shard071.pt  (12288, 2304)
  Saved 5_acts_small_layer19_relu_20_20260612_144312/Z_shard071.pt  (12288, 16384)
  Saved 5_acts_small_layer19_relu_20_20260612_144312/X_shard072.pt  (12288, 2304)
  Saved 5_acts_small_layer19_relu_20_20260612_144312/Z_shard072.pt  (12288, 16384)
  Saved 5_acts_small_layer19_relu_20_20260612_144312/X_shard073.pt  (12288, 2304)
  Saved 5_acts_small_layer19_relu_20_20260612_144312/Z_shard073.pt  (12288, 16384)
  Saved 5_acts_small_layer19_relu_20_20260612_144312/X_shard074.pt  (12288, 2304)
  Saved 5_acts_small_layer19_relu_20_20260612_144312/Z_shard074.pt  (12288, 16384)
  Saved 5_acts_small_layer19_relu_20_20260612_144312/X_shard075.pt  (12288, 2304)
  Saved 5_acts_small_layer19_relu_20_20260612_144312/Z_shard075.pt  (12288, 16384)
  Saved 5_acts_small_layer19_relu_20_20260612_144312/X_shard076.pt  (12288, 2304)
  Saved 5_acts_small_layer19_relu_20_20260612_144312/Z_shard076.pt  (12288, 16384)
  Saved 5_acts_small_layer19_relu_20_20260612_144312/X_shard077.pt  (12288, 2304)
  Saved 5_acts_small_layer19_relu_20_20260612_144312/Z_shard077.pt  (12288, 16384)
  Saved 5_acts_small_layer19_relu_20_20260612_144312/X_shard078.pt  (12288, 2304)
  Saved 5_acts_small_layer19_relu_20_20260612_144312/Z_shard078.pt  (12288, 16384)
  Saved 5_acts_small_layer19_relu_20_20260612_144312/X_shard079.pt  (12288, 2304)
  Saved 5_acts_small_layer19_relu_20_20260612_144312/Z_shard079.pt  (12288, 16384)
  Saved 5_acts_small_layer19_relu_20_20260612_144312/X_shard080.pt  (12288, 2304)
  Saved 5_acts_small_layer19_relu_20_20260612_144312/Z_shard080.pt  (12288, 16384)
  Saved 5_acts_small_layer19_relu_20_20260612_144312/X_shard081.pt  (12288, 2304)
  Saved 5_acts_small_layer19_relu_20_20260612_144312/Z_shard081.pt  (12288, 16384)
  Saved 5_acts_small_layer19_relu_20_20260612_144312/X_shard082.pt  (12288, 2304)
  Saved 5_acts_small_layer19_relu_20_20260612_144312/Z_shard082.pt  (12288, 16384)
  batch 250/1220 (4096 tokens buffered so far this shard) ...
  Saved 5_acts_small_layer19_relu_20_20260612_144312/X_shard083.pt  (12288, 2304)
  Saved 5_acts_small_layer19_relu_20_20260612_144312/Z_shard083.pt  (12288, 16384)
  Saved 5_acts_small_layer19_relu_20_20260612_144312/X_shard084.pt  (12288, 2304)
  Saved 5_acts_small_layer19_relu_20_20260612_144312/Z_shard084.pt  (12288, 16384)
  Saved 5_acts_small_layer19_relu_20_20260612_144312/X_shard085.pt  (12288, 2304)
  Saved 5_acts_small_layer19_relu_20_20260612_144312/Z_shard085.pt  (12288, 16384)
  Saved 5_acts_small_layer19_relu_20_20260612_144312/X_shard086.pt  (12288, 2304)
  Saved 5_acts_small_layer19_relu_20_20260612_144312/Z_shard086.pt  (12288, 16384)
  Saved 5_acts_small_layer19_relu_20_20260612_144312/X_shard087.pt  (12288, 2304)
  Saved 5_acts_small_layer19_relu_20_20260612_144312/Z_shard087.pt  (12288, 16384)
  Saved 5_acts_small_layer19_relu_20_20260612_144312/X_shard088.pt  (12288, 2304)
  Saved 5_acts_small_layer19_relu_20_20260612_144312/Z_shard088.pt  (12288, 16384)
  Saved 5_acts_small_layer19_relu_20_20260612_144312/X_shard089.pt  (12288, 2304)
  Saved 5_acts_small_layer19_relu_20_20260612_144312/Z_shard089.pt  (12288, 16384)
  Saved 5_acts_small_layer19_relu_20_20260612_144312/X_shard090.pt  (12288, 2304)
  Saved 5_acts_small_layer19_relu_20_20260612_144312/Z_shard090.pt  (12288, 16384)
  Saved 5_acts_small_layer19_relu_20_20260612_144312/X_shard091.pt  (12288, 2304)
  Saved 5_acts_small_layer19_relu_20_20260612_144312/Z_shard091.pt  (12288, 16384)
  Saved 5_acts_small_layer19_relu_20_20260612_144312/X_shard092.pt  (12288, 2304)
  Saved 5_acts_small_layer19_relu_20_20260612_144312/Z_shard092.pt  (12288, 16384)
  Saved 5_acts_small_layer19_relu_20_20260612_144312/X_shard093.pt  (12288, 2304)
  Saved 5_acts_small_layer19_relu_20_20260612_144312/Z_shard093.pt  (12288, 16384)
  Saved 5_acts_small_layer19_relu_20_20260612_144312/X_shard094.pt  (12288, 2304)
  Saved 5_acts_small_layer19_relu_20_20260612_144312/Z_shard094.pt  (12288, 16384)
  Saved 5_acts_small_layer19_relu_20_20260612_144312/X_shard095.pt  (12288, 2304)
  Saved 5_acts_small_layer19_relu_20_20260612_144312/Z_shard095.pt  (12288, 16384)
  Saved 5_acts_small_layer19_relu_20_20260612_144312/X_shard096.pt  (12288, 2304)
  Saved 5_acts_small_layer19_relu_20_20260612_144312/Z_shard096.pt  (12288, 16384)
  Saved 5_acts_small_layer19_relu_20_20260612_144312/X_shard097.pt  (12288, 2304)
  Saved 5_acts_small_layer19_relu_20_20260612_144312/Z_shard097.pt  (12288, 16384)
  Saved 5_acts_small_layer19_relu_20_20260612_144312/X_shard098.pt  (12288, 2304)
  Saved 5_acts_small_layer19_relu_20_20260612_144312/Z_shard098.pt  (12288, 16384)
  Saved 5_acts_small_layer19_relu_20_20260612_144312/X_shard099.pt  (12288, 2304)
  Saved 5_acts_small_layer19_relu_20_20260612_144312/Z_shard099.pt  (12288, 16384)
  batch 300/1220 (0 tokens buffered so far this shard) ...
  Saved 5_acts_small_layer19_relu_20_20260612_144312/X_shard100.pt  (12288, 2304)
  Saved 5_acts_small_layer19_relu_20_20260612_144312/Z_shard100.pt  (12288, 16384)
  Saved 5_acts_small_layer19_relu_20_20260612_144312/X_shard101.pt  (12288, 2304)
  Saved 5_acts_small_layer19_relu_20_20260612_144312/Z_shard101.pt  (12288, 16384)
  Saved 5_acts_small_layer19_relu_20_20260612_144312/X_shard102.pt  (12288, 2304)
  Saved 5_acts_small_layer19_relu_20_20260612_144312/Z_shard102.pt  (12288, 16384)
  Saved 5_acts_small_layer19_relu_20_20260612_144312/X_shard103.pt  (12288, 2304)
  Saved 5_acts_small_layer19_relu_20_20260612_144312/Z_shard103.pt  (12288, 16384)
  Saved 5_acts_small_layer19_relu_20_20260612_144312/X_shard104.pt  (12288, 2304)
  Saved 5_acts_small_layer19_relu_20_20260612_144312/Z_shard104.pt  (12288, 16384)
  Saved 5_acts_small_layer19_relu_20_20260612_144312/X_shard105.pt  (12288, 2304)
  Saved 5_acts_small_layer19_relu_20_20260612_144312/Z_shard105.pt  (12288, 16384)
  Saved 5_acts_small_layer19_relu_20_20260612_144312/X_shard106.pt  (12288, 2304)
  Saved 5_acts_small_layer19_relu_20_20260612_144312/Z_shard106.pt  (12288, 16384)
  Saved 5_acts_small_layer19_relu_20_20260612_144312/X_shard107.pt  (12288, 2304)
  Saved 5_acts_small_layer19_relu_20_20260612_144312/Z_shard107.pt  (12288, 16384)
  Saved 5_acts_small_layer19_relu_20_20260612_144312/X_shard108.pt  (12288, 2304)
  Saved 5_acts_small_layer19_relu_20_20260612_144312/Z_shard108.pt  (12288, 16384)
  Saved 5_acts_small_layer19_relu_20_20260612_144312/X_shard109.pt  (12288, 2304)
  Saved 5_acts_small_layer19_relu_20_20260612_144312/Z_shard109.pt  (12288, 16384)
  Saved 5_acts_small_layer19_relu_20_20260612_144312/X_shard110.pt  (12288, 2304)
  Saved 5_acts_small_layer19_relu_20_20260612_144312/Z_shard110.pt  (12288, 16384)
  Saved 5_acts_small_layer19_relu_20_20260612_144312/X_shard111.pt  (12288, 2304)
  Saved 5_acts_small_layer19_relu_20_20260612_144312/Z_shard111.pt  (12288, 16384)
  Saved 5_acts_small_layer19_relu_20_20260612_144312/X_shard112.pt  (12288, 2304)
  Saved 5_acts_small_layer19_relu_20_20260612_144312/Z_shard112.pt  (12288, 16384)
  Saved 5_acts_small_layer19_relu_20_20260612_144312/X_shard113.pt  (12288, 2304)
  Saved 5_acts_small_layer19_relu_20_20260612_144312/Z_shard113.pt  (12288, 16384)
  Saved 5_acts_small_layer19_relu_20_20260612_144312/X_shard114.pt  (12288, 2304)
  Saved 5_acts_small_layer19_relu_20_20260612_144312/Z_shard114.pt  (12288, 16384)
  Saved 5_acts_small_layer19_relu_20_20260612_144312/X_shard115.pt  (12288, 2304)
  Saved 5_acts_small_layer19_relu_20_20260612_144312/Z_shard115.pt  (12288, 16384)
  batch 350/1220 (8192 tokens buffered so far this shard) ...
  Saved 5_acts_small_layer19_relu_20_20260612_144312/X_shard116.pt  (12288, 2304)
  Saved 5_acts_small_layer19_relu_20_20260612_144312/Z_shard116.pt  (12288, 16384)
  Saved 5_acts_small_layer19_relu_20_20260612_144312/X_shard117.pt  (12288, 2304)
  Saved 5_acts_small_layer19_relu_20_20260612_144312/Z_shard117.pt  (12288, 16384)
  Saved 5_acts_small_layer19_relu_20_20260612_144312/X_shard118.pt  (12288, 2304)
  Saved 5_acts_small_layer19_relu_20_20260612_144312/Z_shard118.pt  (12288, 16384)
  Saved 5_acts_small_layer19_relu_20_20260612_144312/X_shard119.pt  (12288, 2304)
  Saved 5_acts_small_layer19_relu_20_20260612_144312/Z_shard119.pt  (12288, 16384)
  Saved 5_acts_small_layer19_relu_20_20260612_144312/X_shard120.pt  (12288, 2304)
  Saved 5_acts_small_layer19_relu_20_20260612_144312/Z_shard120.pt  (12288, 16384)
  Saved 5_acts_small_layer19_relu_20_20260612_144312/X_shard121.pt  (12288, 2304)
  Saved 5_acts_small_layer19_relu_20_20260612_144312/Z_shard121.pt  (12288, 16384)
  Saved 5_acts_small_layer19_relu_20_20260612_144312/X_shard122.pt  (12288, 2304)
  Saved 5_acts_small_layer19_relu_20_20260612_144312/Z_shard122.pt  (12288, 16384)
  Saved 5_acts_small_layer19_relu_20_20260612_144312/X_shard123.pt  (12288, 2304)
  Saved 5_acts_small_layer19_relu_20_20260612_144312/Z_shard123.pt  (12288, 16384)
  Saved 5_acts_small_layer19_relu_20_20260612_144312/X_shard124.pt  (12288, 2304)
  Saved 5_acts_small_layer19_relu_20_20260612_144312/Z_shard124.pt  (12288, 16384)
  Saved 5_acts_small_layer19_relu_20_20260612_144312/X_shard125.pt  (12288, 2304)
  Saved 5_acts_small_layer19_relu_20_20260612_144312/Z_shard125.pt  (12288, 16384)
  Saved 5_acts_small_layer19_relu_20_20260612_144312/X_shard126.pt  (12288, 2304)
  Saved 5_acts_small_layer19_relu_20_20260612_144312/Z_shard126.pt  (12288, 16384)
  Saved 5_acts_small_layer19_relu_20_20260612_144312/X_shard127.pt  (12288, 2304)
  Saved 5_acts_small_layer19_relu_20_20260612_144312/Z_shard127.pt  (12288, 16384)
  Saved 5_acts_small_layer19_relu_20_20260612_144312/X_shard128.pt  (12288, 2304)
  Saved 5_acts_small_layer19_relu_20_20260612_144312/Z_shard128.pt  (12288, 16384)
  Saved 5_acts_small_layer19_relu_20_20260612_144312/X_shard129.pt  (12288, 2304)
  Saved 5_acts_small_layer19_relu_20_20260612_144312/Z_shard129.pt  (12288, 16384)
  Saved 5_acts_small_layer19_relu_20_20260612_144312/X_shard130.pt  (12288, 2304)
  Saved 5_acts_small_layer19_relu_20_20260612_144312/Z_shard130.pt  (12288, 16384)
  Saved 5_acts_small_layer19_relu_20_20260612_144312/X_shard131.pt  (12288, 2304)
  Saved 5_acts_small_layer19_relu_20_20260612_144312/Z_shard131.pt  (12288, 16384)
  Saved 5_acts_small_layer19_relu_20_20260612_144312/X_shard132.pt  (12288, 2304)
  Saved 5_acts_small_layer19_relu_20_20260612_144312/Z_shard132.pt  (12288, 16384)
  batch 400/1220 (4096 tokens buffered so far this shard) ...
  Saved 5_acts_small_layer19_relu_20_20260612_144312/X_shard133.pt  (12288, 2304)
  Saved 5_acts_small_layer19_relu_20_20260612_144312/Z_shard133.pt  (12288, 16384)
  Saved 5_acts_small_layer19_relu_20_20260612_144312/X_shard134.pt  (12288, 2304)
  Saved 5_acts_small_layer19_relu_20_20260612_144312/Z_shard134.pt  (12288, 16384)
  Saved 5_acts_small_layer19_relu_20_20260612_144312/X_shard135.pt  (12288, 2304)
  Saved 5_acts_small_layer19_relu_20_20260612_144312/Z_shard135.pt  (12288, 16384)
  Saved 5_acts_small_layer19_relu_20_20260612_144312/X_shard136.pt  (12288, 2304)
  Saved 5_acts_small_layer19_relu_20_20260612_144312/Z_shard136.pt  (12288, 16384)
  Saved 5_acts_small_layer19_relu_20_20260612_144312/X_shard137.pt  (12288, 2304)
  Saved 5_acts_small_layer19_relu_20_20260612_144312/Z_shard137.pt  (12288, 16384)
  Saved 5_acts_small_layer19_relu_20_20260612_144312/X_shard138.pt  (12288, 2304)
  Saved 5_acts_small_layer19_relu_20_20260612_144312/Z_shard138.pt  (12288, 16384)
  Saved 5_acts_small_layer19_relu_20_20260612_144312/X_shard139.pt  (12288, 2304)
  Saved 5_acts_small_layer19_relu_20_20260612_144312/Z_shard139.pt  (12288, 16384)
  Saved 5_acts_small_layer19_relu_20_20260612_144312/X_shard140.pt  (12288, 2304)
  Saved 5_acts_small_layer19_relu_20_20260612_144312/Z_shard140.pt  (12288, 16384)
  Saved 5_acts_small_layer19_relu_20_20260612_144312/X_shard141.pt  (12288, 2304)
  Saved 5_acts_small_layer19_relu_20_20260612_144312/Z_shard141.pt  (12288, 16384)
  Saved 5_acts_small_layer19_relu_20_20260612_144312/X_shard142.pt  (12288, 2304)
  Saved 5_acts_small_layer19_relu_20_20260612_144312/Z_shard142.pt  (12288, 16384)
  Saved 5_acts_small_layer19_relu_20_20260612_144312/X_shard143.pt  (12288, 2304)
  Saved 5_acts_small_layer19_relu_20_20260612_144312/Z_shard143.pt  (12288, 16384)
  Saved 5_acts_small_layer19_relu_20_20260612_144312/X_shard144.pt  (12288, 2304)
  Saved 5_acts_small_layer19_relu_20_20260612_144312/Z_shard144.pt  (12288, 16384)
  Saved 5_acts_small_layer19_relu_20_20260612_144312/X_shard145.pt  (12288, 2304)
  Saved 5_acts_small_layer19_relu_20_20260612_144312/Z_shard145.pt  (12288, 16384)
  Saved 5_acts_small_layer19_relu_20_20260612_144312/X_shard146.pt  (12288, 2304)
  Saved 5_acts_small_layer19_relu_20_20260612_144312/Z_shard146.pt  (12288, 16384)
  Saved 5_acts_small_layer19_relu_20_20260612_144312/X_shard147.pt  (12288, 2304)
  Saved 5_acts_small_layer19_relu_20_20260612_144312/Z_shard147.pt  (12288, 16384)
  Saved 5_acts_small_layer19_relu_20_20260612_144312/X_shard148.pt  (12288, 2304)
  Saved 5_acts_small_layer19_relu_20_20260612_144312/Z_shard148.pt  (12288, 16384)
  Saved 5_acts_small_layer19_relu_20_20260612_144312/X_shard149.pt  (12288, 2304)
  Saved 5_acts_small_layer19_relu_20_20260612_144312/Z_shard149.pt  (12288, 16384)
  batch 450/1220 (0 tokens buffered so far this shard) ...
  Saved 5_acts_small_layer19_relu_20_20260612_144312/X_shard150.pt  (12288, 2304)
  Saved 5_acts_small_layer19_relu_20_20260612_144312/Z_shard150.pt  (12288, 16384)
  Saved 5_acts_small_layer19_relu_20_20260612_144312/X_shard151.pt  (12288, 2304)
  Saved 5_acts_small_layer19_relu_20_20260612_144312/Z_shard151.pt  (12288, 16384)
  Saved 5_acts_small_layer19_relu_20_20260612_144312/X_shard152.pt  (12288, 2304)
  Saved 5_acts_small_layer19_relu_20_20260612_144312/Z_shard152.pt  (12288, 16384)
  Saved 5_acts_small_layer19_relu_20_20260612_144312/X_shard153.pt  (12288, 2304)
  Saved 5_acts_small_layer19_relu_20_20260612_144312/Z_shard153.pt  (12288, 16384)
  Saved 5_acts_small_layer19_relu_20_20260612_144312/X_shard154.pt  (12288, 2304)
  Saved 5_acts_small_layer19_relu_20_20260612_144312/Z_shard154.pt  (12288, 16384)
  Saved 5_acts_small_layer19_relu_20_20260612_144312/X_shard155.pt  (12288, 2304)
  Saved 5_acts_small_layer19_relu_20_20260612_144312/Z_shard155.pt  (12288, 16384)
  Saved 5_acts_small_layer19_relu_20_20260612_144312/X_shard156.pt  (12288, 2304)
  Saved 5_acts_small_layer19_relu_20_20260612_144312/Z_shard156.pt  (12288, 16384)
  Saved 5_acts_small_layer19_relu_20_20260612_144312/X_shard157.pt  (12288, 2304)
  Saved 5_acts_small_layer19_relu_20_20260612_144312/Z_shard157.pt  (12288, 16384)
  Saved 5_acts_small_layer19_relu_20_20260612_144312/X_shard158.pt  (12288, 2304)
  Saved 5_acts_small_layer19_relu_20_20260612_144312/Z_shard158.pt  (12288, 16384)
  Saved 5_acts_small_layer19_relu_20_20260612_144312/X_shard159.pt  (12288, 2304)
  Saved 5_acts_small_layer19_relu_20_20260612_144312/Z_shard159.pt  (12288, 16384)
  Saved 5_acts_small_layer19_relu_20_20260612_144312/X_shard160.pt  (12288, 2304)
  Saved 5_acts_small_layer19_relu_20_20260612_144312/Z_shard160.pt  (12288, 16384)
  Saved 5_acts_small_layer19_relu_20_20260612_144312/X_shard161.pt  (12288, 2304)
  Saved 5_acts_small_layer19_relu_20_20260612_144312/Z_shard161.pt  (12288, 16384)
  Saved 5_acts_small_layer19_relu_20_20260612_144312/X_shard162.pt  (12288, 2304)
  Saved 5_acts_small_layer19_relu_20_20260612_144312/Z_shard162.pt  (12288, 16384)
  Saved 5_acts_small_layer19_relu_20_20260612_144312/X_shard163.pt  (12288, 2304)
  Saved 5_acts_small_layer19_relu_20_20260612_144312/Z_shard163.pt  (12288, 16384)
  Saved 5_acts_small_layer19_relu_20_20260612_144312/X_shard164.pt  (12288, 2304)
  Saved 5_acts_small_layer19_relu_20_20260612_144312/Z_shard164.pt  (12288, 16384)
  Saved 5_acts_small_layer19_relu_20_20260612_144312/X_shard165.pt  (12288, 2304)
  Saved 5_acts_small_layer19_relu_20_20260612_144312/Z_shard165.pt  (12288, 16384)
  batch 500/1220 (8192 tokens buffered so far this shard) ...
  Saved 5_acts_small_layer19_relu_20_20260612_144312/X_shard166.pt  (12288, 2304)
  Saved 5_acts_small_layer19_relu_20_20260612_144312/Z_shard166.pt  (12288, 16384)
  Saved 5_acts_small_layer19_relu_20_20260612_144312/X_shard167.pt  (12288, 2304)
  Saved 5_acts_small_layer19_relu_20_20260612_144312/Z_shard167.pt  (12288, 16384)
  Saved 5_acts_small_layer19_relu_20_20260612_144312/X_shard168.pt  (12288, 2304)
  Saved 5_acts_small_layer19_relu_20_20260612_144312/Z_shard168.pt  (12288, 16384)
  Saved 5_acts_small_layer19_relu_20_20260612_144312/X_shard169.pt  (12288, 2304)
  Saved 5_acts_small_layer19_relu_20_20260612_144312/Z_shard169.pt  (12288, 16384)
  Saved 5_acts_small_layer19_relu_20_20260612_144312/X_shard170.pt  (12288, 2304)
  Saved 5_acts_small_layer19_relu_20_20260612_144312/Z_shard170.pt  (12288, 16384)
  Saved 5_acts_small_layer19_relu_20_20260612_144312/X_shard171.pt  (12288, 2304)
  Saved 5_acts_small_layer19_relu_20_20260612_144312/Z_shard171.pt  (12288, 16384)
  Saved 5_acts_small_layer19_relu_20_20260612_144312/X_shard172.pt  (12288, 2304)
  Saved 5_acts_small_layer19_relu_20_20260612_144312/Z_shard172.pt  (12288, 16384)
  Saved 5_acts_small_layer19_relu_20_20260612_144312/X_shard173.pt  (12288, 2304)
  Saved 5_acts_small_layer19_relu_20_20260612_144312/Z_shard173.pt  (12288, 16384)
  Saved 5_acts_small_layer19_relu_20_20260612_144312/X_shard174.pt  (12288, 2304)
  Saved 5_acts_small_layer19_relu_20_20260612_144312/Z_shard174.pt  (12288, 16384)
  Saved 5_acts_small_layer19_relu_20_20260612_144312/X_shard175.pt  (12288, 2304)
  Saved 5_acts_small_layer19_relu_20_20260612_144312/Z_shard175.pt  (12288, 16384)
  Saved 5_acts_small_layer19_relu_20_20260612_144312/X_shard176.pt  (12288, 2304)
  Saved 5_acts_small_layer19_relu_20_20260612_144312/Z_shard176.pt  (12288, 16384)
  Saved 5_acts_small_layer19_relu_20_20260612_144312/X_shard177.pt  (12288, 2304)
  Saved 5_acts_small_layer19_relu_20_20260612_144312/Z_shard177.pt  (12288, 16384)
  Saved 5_acts_small_layer19_relu_20_20260612_144312/X_shard178.pt  (12288, 2304)
  Saved 5_acts_small_layer19_relu_20_20260612_144312/Z_shard178.pt  (12288, 16384)
  Saved 5_acts_small_layer19_relu_20_20260612_144312/X_shard179.pt  (12288, 2304)
  Saved 5_acts_small_layer19_relu_20_20260612_144312/Z_shard179.pt  (12288, 16384)
  Saved 5_acts_small_layer19_relu_20_20260612_144312/X_shard180.pt  (12288, 2304)
  Saved 5_acts_small_layer19_relu_20_20260612_144312/Z_shard180.pt  (12288, 16384)
  Saved 5_acts_small_layer19_relu_20_20260612_144312/X_shard181.pt  (12288, 2304)
  Saved 5_acts_small_layer19_relu_20_20260612_144312/Z_shard181.pt  (12288, 16384)
  Saved 5_acts_small_layer19_relu_20_20260612_144312/X_shard182.pt  (12288, 2304)
  Saved 5_acts_small_layer19_relu_20_20260612_144312/Z_shard182.pt  (12288, 16384)
  batch 550/1220 (4096 tokens buffered so far this shard) ...
  Saved 5_acts_small_layer19_relu_20_20260612_144312/X_shard183.pt  (12288, 2304)
  Saved 5_acts_small_layer19_relu_20_20260612_144312/Z_shard183.pt  (12288, 16384)
  Saved 5_acts_small_layer19_relu_20_20260612_144312/X_shard184.pt  (12288, 2304)
  Saved 5_acts_small_layer19_relu_20_20260612_144312/Z_shard184.pt  (12288, 16384)
  Saved 5_acts_small_layer19_relu_20_20260612_144312/X_shard185.pt  (12288, 2304)
  Saved 5_acts_small_layer19_relu_20_20260612_144312/Z_shard185.pt  (12288, 16384)
  Saved 5_acts_small_layer19_relu_20_20260612_144312/X_shard186.pt  (12288, 2304)
  Saved 5_acts_small_layer19_relu_20_20260612_144312/Z_shard186.pt  (12288, 16384)
  Saved 5_acts_small_layer19_relu_20_20260612_144312/X_shard187.pt  (12288, 2304)
  Saved 5_acts_small_layer19_relu_20_20260612_144312/Z_shard187.pt  (12288, 16384)
  Saved 5_acts_small_layer19_relu_20_20260612_144312/X_shard188.pt  (12288, 2304)
  Saved 5_acts_small_layer19_relu_20_20260612_144312/Z_shard188.pt  (12288, 16384)
  Saved 5_acts_small_layer19_relu_20_20260612_144312/X_shard189.pt  (12288, 2304)
  Saved 5_acts_small_layer19_relu_20_20260612_144312/Z_shard189.pt  (12288, 16384)
  Saved 5_acts_small_layer19_relu_20_20260612_144312/X_shard190.pt  (12288, 2304)
  Saved 5_acts_small_layer19_relu_20_20260612_144312/Z_shard190.pt  (12288, 16384)
  Saved 5_acts_small_layer19_relu_20_20260612_144312/X_shard191.pt  (12288, 2304)
  Saved 5_acts_small_layer19_relu_20_20260612_144312/Z_shard191.pt  (12288, 16384)
  Saved 5_acts_small_layer19_relu_20_20260612_144312/X_shard192.pt  (12288, 2304)
  Saved 5_acts_small_layer19_relu_20_20260612_144312/Z_shard192.pt  (12288, 16384)
  Saved 5_acts_small_layer19_relu_20_20260612_144312/X_shard193.pt  (12288, 2304)
  Saved 5_acts_small_layer19_relu_20_20260612_144312/Z_shard193.pt  (12288, 16384)
  Saved 5_acts_small_layer19_relu_20_20260612_144312/X_shard194.pt  (12288, 2304)
  Saved 5_acts_small_layer19_relu_20_20260612_144312/Z_shard194.pt  (12288, 16384)
  Saved 5_acts_small_layer19_relu_20_20260612_144312/X_shard195.pt  (12288, 2304)
  Saved 5_acts_small_layer19_relu_20_20260612_144312/Z_shard195.pt  (12288, 16384)
  Saved 5_acts_small_layer19_relu_20_20260612_144312/X_shard196.pt  (12288, 2304)
  Saved 5_acts_small_layer19_relu_20_20260612_144312/Z_shard196.pt  (12288, 16384)
  Saved 5_acts_small_layer19_relu_20_20260612_144312/X_shard197.pt  (12288, 2304)
  Saved 5_acts_small_layer19_relu_20_20260612_144312/Z_shard197.pt  (12288, 16384)
  Saved 5_acts_small_layer19_relu_20_20260612_144312/X_shard198.pt  (12288, 2304)
  Saved 5_acts_small_layer19_relu_20_20260612_144312/Z_shard198.pt  (12288, 16384)
  Saved 5_acts_small_layer19_relu_20_20260612_144312/X_shard199.pt  (12288, 2304)
  Saved 5_acts_small_layer19_relu_20_20260612_144312/Z_shard199.pt  (12288, 16384)
  batch 600/1220 (0 tokens buffered so far this shard) ...
  Saved 5_acts_small_layer19_relu_20_20260612_144312/X_shard200.pt  (12288, 2304)
  Saved 5_acts_small_layer19_relu_20_20260612_144312/Z_shard200.pt  (12288, 16384)
  Saved 5_acts_small_layer19_relu_20_20260612_144312/X_shard201.pt  (12288, 2304)
  Saved 5_acts_small_layer19_relu_20_20260612_144312/Z_shard201.pt  (12288, 16384)
  Saved 5_acts_small_layer19_relu_20_20260612_144312/X_shard202.pt  (12288, 2304)
  Saved 5_acts_small_layer19_relu_20_20260612_144312/Z_shard202.pt  (12288, 16384)
  Saved 5_acts_small_layer19_relu_20_20260612_144312/X_shard203.pt  (12288, 2304)
  Saved 5_acts_small_layer19_relu_20_20260612_144312/Z_shard203.pt  (12288, 16384)
  Saved 5_acts_small_layer19_relu_20_20260612_144312/X_shard204.pt  (12288, 2304)
  Saved 5_acts_small_layer19_relu_20_20260612_144312/Z_shard204.pt  (12288, 16384)
  Saved 5_acts_small_layer19_relu_20_20260612_144312/X_shard205.pt  (12288, 2304)
  Saved 5_acts_small_layer19_relu_20_20260612_144312/Z_shard205.pt  (12288, 16384)
  Saved 5_acts_small_layer19_relu_20_20260612_144312/X_shard206.pt  (12288, 2304)
  Saved 5_acts_small_layer19_relu_20_20260612_144312/Z_shard206.pt  (12288, 16384)
  Saved 5_acts_small_layer19_relu_20_20260612_144312/X_shard207.pt  (12288, 2304)
  Saved 5_acts_small_layer19_relu_20_20260612_144312/Z_shard207.pt  (12288, 16384)
  Saved 5_acts_small_layer19_relu_20_20260612_144312/X_shard208.pt  (12288, 2304)
  Saved 5_acts_small_layer19_relu_20_20260612_144312/Z_shard208.pt  (12288, 16384)
  Saved 5_acts_small_layer19_relu_20_20260612_144312/X_shard209.pt  (12288, 2304)
  Saved 5_acts_small_layer19_relu_20_20260612_144312/Z_shard209.pt  (12288, 16384)
  Saved 5_acts_small_layer19_relu_20_20260612_144312/X_shard210.pt  (12288, 2304)
  Saved 5_acts_small_layer19_relu_20_20260612_144312/Z_shard210.pt  (12288, 16384)
  Saved 5_acts_small_layer19_relu_20_20260612_144312/X_shard211.pt  (12288, 2304)
  Saved 5_acts_small_layer19_relu_20_20260612_144312/Z_shard211.pt  (12288, 16384)
  Saved 5_acts_small_layer19_relu_20_20260612_144312/X_shard212.pt  (12288, 2304)
  Saved 5_acts_small_layer19_relu_20_20260612_144312/Z_shard212.pt  (12288, 16384)
  Saved 5_acts_small_layer19_relu_20_20260612_144312/X_shard213.pt  (12288, 2304)
  Saved 5_acts_small_layer19_relu_20_20260612_144312/Z_shard213.pt  (12288, 16384)
  Saved 5_acts_small_layer19_relu_20_20260612_144312/X_shard214.pt  (12288, 2304)
  Saved 5_acts_small_layer19_relu_20_20260612_144312/Z_shard214.pt  (12288, 16384)
  Saved 5_acts_small_layer19_relu_20_20260612_144312/X_shard215.pt  (12288, 2304)
  Saved 5_acts_small_layer19_relu_20_20260612_144312/Z_shard215.pt  (12288, 16384)
  batch 650/1220 (8192 tokens buffered so far this shard) ...
  Saved 5_acts_small_layer19_relu_20_20260612_144312/X_shard216.pt  (12288, 2304)
  Saved 5_acts_small_layer19_relu_20_20260612_144312/Z_shard216.pt  (12288, 16384)
  Saved 5_acts_small_layer19_relu_20_20260612_144312/X_shard217.pt  (12288, 2304)
  Saved 5_acts_small_layer19_relu_20_20260612_144312/Z_shard217.pt  (12288, 16384)
  Saved 5_acts_small_layer19_relu_20_20260612_144312/X_shard218.pt  (12288, 2304)
  Saved 5_acts_small_layer19_relu_20_20260612_144312/Z_shard218.pt  (12288, 16384)
  Saved 5_acts_small_layer19_relu_20_20260612_144312/X_shard219.pt  (12288, 2304)
  Saved 5_acts_small_layer19_relu_20_20260612_144312/Z_shard219.pt  (12288, 16384)
  Saved 5_acts_small_layer19_relu_20_20260612_144312/X_shard220.pt  (12288, 2304)
  Saved 5_acts_small_layer19_relu_20_20260612_144312/Z_shard220.pt  (12288, 16384)
  Saved 5_acts_small_layer19_relu_20_20260612_144312/X_shard221.pt  (12288, 2304)
  Saved 5_acts_small_layer19_relu_20_20260612_144312/Z_shard221.pt  (12288, 16384)
  Saved 5_acts_small_layer19_relu_20_20260612_144312/X_shard222.pt  (12288, 2304)
  Saved 5_acts_small_layer19_relu_20_20260612_144312/Z_shard222.pt  (12288, 16384)
  Saved 5_acts_small_layer19_relu_20_20260612_144312/X_shard223.pt  (12288, 2304)
  Saved 5_acts_small_layer19_relu_20_20260612_144312/Z_shard223.pt  (12288, 16384)
  Saved 5_acts_small_layer19_relu_20_20260612_144312/X_shard224.pt  (12288, 2304)
  Saved 5_acts_small_layer19_relu_20_20260612_144312/Z_shard224.pt  (12288, 16384)
  Saved 5_acts_small_layer19_relu_20_20260612_144312/X_shard225.pt  (12288, 2304)
  Saved 5_acts_small_layer19_relu_20_20260612_144312/Z_shard225.pt  (12288, 16384)
  Saved 5_acts_small_layer19_relu_20_20260612_144312/X_shard226.pt  (12288, 2304)
  Saved 5_acts_small_layer19_relu_20_20260612_144312/Z_shard226.pt  (12288, 16384)
  Saved 5_acts_small_layer19_relu_20_20260612_144312/X_shard227.pt  (12288, 2304)
  Saved 5_acts_small_layer19_relu_20_20260612_144312/Z_shard227.pt  (12288, 16384)
  Saved 5_acts_small_layer19_relu_20_20260612_144312/X_shard228.pt  (12288, 2304)
  Saved 5_acts_small_layer19_relu_20_20260612_144312/Z_shard228.pt  (12288, 16384)
  Saved 5_acts_small_layer19_relu_20_20260612_144312/X_shard229.pt  (12288, 2304)
  Saved 5_acts_small_layer19_relu_20_20260612_144312/Z_shard229.pt  (12288, 16384)
  Saved 5_acts_small_layer19_relu_20_20260612_144312/X_shard230.pt  (12288, 2304)
  Saved 5_acts_small_layer19_relu_20_20260612_144312/Z_shard230.pt  (12288, 16384)
  Saved 5_acts_small_layer19_relu_20_20260612_144312/X_shard231.pt  (12288, 2304)
  Saved 5_acts_small_layer19_relu_20_20260612_144312/Z_shard231.pt  (12288, 16384)
  Saved 5_acts_small_layer19_relu_20_20260612_144312/X_shard232.pt  (12288, 2304)
  Saved 5_acts_small_layer19_relu_20_20260612_144312/Z_shard232.pt  (12288, 16384)
  batch 700/1220 (4096 tokens buffered so far this shard) ...
  Saved 5_acts_small_layer19_relu_20_20260612_144312/X_shard233.pt  (12288, 2304)
  Saved 5_acts_small_layer19_relu_20_20260612_144312/Z_shard233.pt  (12288, 16384)
  Saved 5_acts_small_layer19_relu_20_20260612_144312/X_shard234.pt  (12288, 2304)
  Saved 5_acts_small_layer19_relu_20_20260612_144312/Z_shard234.pt  (12288, 16384)
  Saved 5_acts_small_layer19_relu_20_20260612_144312/X_shard235.pt  (12288, 2304)
  Saved 5_acts_small_layer19_relu_20_20260612_144312/Z_shard235.pt  (12288, 16384)
  Saved 5_acts_small_layer19_relu_20_20260612_144312/X_shard236.pt  (12288, 2304)
  Saved 5_acts_small_layer19_relu_20_20260612_144312/Z_shard236.pt  (12288, 16384)
  Saved 5_acts_small_layer19_relu_20_20260612_144312/X_shard237.pt  (12288, 2304)
  Saved 5_acts_small_layer19_relu_20_20260612_144312/Z_shard237.pt  (12288, 16384)
  Saved 5_acts_small_layer19_relu_20_20260612_144312/X_shard238.pt  (12288, 2304)
  Saved 5_acts_small_layer19_relu_20_20260612_144312/Z_shard238.pt  (12288, 16384)
  Saved 5_acts_small_layer19_relu_20_20260612_144312/X_shard239.pt  (12288, 2304)
  Saved 5_acts_small_layer19_relu_20_20260612_144312/Z_shard239.pt  (12288, 16384)
  Saved 5_acts_small_layer19_relu_20_20260612_144312/X_shard240.pt  (12288, 2304)
  Saved 5_acts_small_layer19_relu_20_20260612_144312/Z_shard240.pt  (12288, 16384)
  Saved 5_acts_small_layer19_relu_20_20260612_144312/X_shard241.pt  (12288, 2304)
  Saved 5_acts_small_layer19_relu_20_20260612_144312/Z_shard241.pt  (12288, 16384)
  Saved 5_acts_small_layer19_relu_20_20260612_144312/X_shard242.pt  (12288, 2304)
  Saved 5_acts_small_layer19_relu_20_20260612_144312/Z_shard242.pt  (12288, 16384)
  Saved 5_acts_small_layer19_relu_20_20260612_144312/X_shard243.pt  (12288, 2304)
  Saved 5_acts_small_layer19_relu_20_20260612_144312/Z_shard243.pt  (12288, 16384)
  Saved 5_acts_small_layer19_relu_20_20260612_144312/X_shard244.pt  (12288, 2304)
  Saved 5_acts_small_layer19_relu_20_20260612_144312/Z_shard244.pt  (12288, 16384)
  Saved 5_acts_small_layer19_relu_20_20260612_144312/X_shard245.pt  (12288, 2304)
  Saved 5_acts_small_layer19_relu_20_20260612_144312/Z_shard245.pt  (12288, 16384)
  Saved 5_acts_small_layer19_relu_20_20260612_144312/X_shard246.pt  (12288, 2304)
  Saved 5_acts_small_layer19_relu_20_20260612_144312/Z_shard246.pt  (12288, 16384)
  Saved 5_acts_small_layer19_relu_20_20260612_144312/X_shard247.pt  (12288, 2304)
  Saved 5_acts_small_layer19_relu_20_20260612_144312/Z_shard247.pt  (12288, 16384)
  Saved 5_acts_small_layer19_relu_20_20260612_144312/X_shard248.pt  (12288, 2304)
  Saved 5_acts_small_layer19_relu_20_20260612_144312/Z_shard248.pt  (12288, 16384)
  Saved 5_acts_small_layer19_relu_20_20260612_144312/X_shard249.pt  (12288, 2304)
  Saved 5_acts_small_layer19_relu_20_20260612_144312/Z_shard249.pt  (12288, 16384)
  batch 750/1220 (0 tokens buffered so far this shard) ...
  Saved 5_acts_small_layer19_relu_20_20260612_144312/X_shard250.pt  (12288, 2304)
  Saved 5_acts_small_layer19_relu_20_20260612_144312/Z_shard250.pt  (12288, 16384)
  Saved 5_acts_small_layer19_relu_20_20260612_144312/X_shard251.pt  (12288, 2304)
  Saved 5_acts_small_layer19_relu_20_20260612_144312/Z_shard251.pt  (12288, 16384)
  Saved 5_acts_small_layer19_relu_20_20260612_144312/X_shard252.pt  (12288, 2304)
  Saved 5_acts_small_layer19_relu_20_20260612_144312/Z_shard252.pt  (12288, 16384)
  Saved 5_acts_small_layer19_relu_20_20260612_144312/X_shard253.pt  (12288, 2304)
  Saved 5_acts_small_layer19_relu_20_20260612_144312/Z_shard253.pt  (12288, 16384)
  Saved 5_acts_small_layer19_relu_20_20260612_144312/X_shard254.pt  (12288, 2304)
  Saved 5_acts_small_layer19_relu_20_20260612_144312/Z_shard254.pt  (12288, 16384)
  Saved 5_acts_small_layer19_relu_20_20260612_144312/X_shard255.pt  (12288, 2304)
  Saved 5_acts_small_layer19_relu_20_20260612_144312/Z_shard255.pt  (12288, 16384)
  Saved 5_acts_small_layer19_relu_20_20260612_144312/X_shard256.pt  (12288, 2304)
  Saved 5_acts_small_layer19_relu_20_20260612_144312/Z_shard256.pt  (12288, 16384)
  Saved 5_acts_small_layer19_relu_20_20260612_144312/X_shard257.pt  (12288, 2304)
  Saved 5_acts_small_layer19_relu_20_20260612_144312/Z_shard257.pt  (12288, 16384)
  Saved 5_acts_small_layer19_relu_20_20260612_144312/X_shard258.pt  (12288, 2304)
  Saved 5_acts_small_layer19_relu_20_20260612_144312/Z_shard258.pt  (12288, 16384)
  Saved 5_acts_small_layer19_relu_20_20260612_144312/X_shard259.pt  (12288, 2304)
  Saved 5_acts_small_layer19_relu_20_20260612_144312/Z_shard259.pt  (12288, 16384)
  Saved 5_acts_small_layer19_relu_20_20260612_144312/X_shard260.pt  (12288, 2304)
  Saved 5_acts_small_layer19_relu_20_20260612_144312/Z_shard260.pt  (12288, 16384)
  Saved 5_acts_small_layer19_relu_20_20260612_144312/X_shard261.pt  (12288, 2304)
  Saved 5_acts_small_layer19_relu_20_20260612_144312/Z_shard261.pt  (12288, 16384)
  Saved 5_acts_small_layer19_relu_20_20260612_144312/X_shard262.pt  (12288, 2304)
  Saved 5_acts_small_layer19_relu_20_20260612_144312/Z_shard262.pt  (12288, 16384)
  Saved 5_acts_small_layer19_relu_20_20260612_144312/X_shard263.pt  (12288, 2304)
  Saved 5_acts_small_layer19_relu_20_20260612_144312/Z_shard263.pt  (12288, 16384)
  Saved 5_acts_small_layer19_relu_20_20260612_144312/X_shard264.pt  (12288, 2304)
  Saved 5_acts_small_layer19_relu_20_20260612_144312/Z_shard264.pt  (12288, 16384)
  Saved 5_acts_small_layer19_relu_20_20260612_144312/X_shard265.pt  (12288, 2304)
  Saved 5_acts_small_layer19_relu_20_20260612_144312/Z_shard265.pt  (12288, 16384)
  batch 800/1220 (8192 tokens buffered so far this shard) ...
  Saved 5_acts_small_layer19_relu_20_20260612_144312/X_shard266.pt  (12288, 2304)
  Saved 5_acts_small_layer19_relu_20_20260612_144312/Z_shard266.pt  (12288, 16384)
  Saved 5_acts_small_layer19_relu_20_20260612_144312/X_shard267.pt  (12288, 2304)
  Saved 5_acts_small_layer19_relu_20_20260612_144312/Z_shard267.pt  (12288, 16384)
  Saved 5_acts_small_layer19_relu_20_20260612_144312/X_shard268.pt  (12288, 2304)
  Saved 5_acts_small_layer19_relu_20_20260612_144312/Z_shard268.pt  (12288, 16384)
  Saved 5_acts_small_layer19_relu_20_20260612_144312/X_shard269.pt  (12288, 2304)
  Saved 5_acts_small_layer19_relu_20_20260612_144312/Z_shard269.pt  (12288, 16384)
  Saved 5_acts_small_layer19_relu_20_20260612_144312/X_shard270.pt  (12288, 2304)
  Saved 5_acts_small_layer19_relu_20_20260612_144312/Z_shard270.pt  (12288, 16384)
  Saved 5_acts_small_layer19_relu_20_20260612_144312/X_shard271.pt  (12288, 2304)
  Saved 5_acts_small_layer19_relu_20_20260612_144312/Z_shard271.pt  (12288, 16384)
  Saved 5_acts_small_layer19_relu_20_20260612_144312/X_shard272.pt  (12288, 2304)
  Saved 5_acts_small_layer19_relu_20_20260612_144312/Z_shard272.pt  (12288, 16384)
  Saved 5_acts_small_layer19_relu_20_20260612_144312/X_shard273.pt  (12288, 2304)
  Saved 5_acts_small_layer19_relu_20_20260612_144312/Z_shard273.pt  (12288, 16384)
  Saved 5_acts_small_layer19_relu_20_20260612_144312/X_shard274.pt  (12288, 2304)
  Saved 5_acts_small_layer19_relu_20_20260612_144312/Z_shard274.pt  (12288, 16384)
  Saved 5_acts_small_layer19_relu_20_20260612_144312/X_shard275.pt  (12288, 2304)
  Saved 5_acts_small_layer19_relu_20_20260612_144312/Z_shard275.pt  (12288, 16384)
  Saved 5_acts_small_layer19_relu_20_20260612_144312/X_shard276.pt  (12288, 2304)
  Saved 5_acts_small_layer19_relu_20_20260612_144312/Z_shard276.pt  (12288, 16384)
  Saved 5_acts_small_layer19_relu_20_20260612_144312/X_shard277.pt  (12288, 2304)
  Saved 5_acts_small_layer19_relu_20_20260612_144312/Z_shard277.pt  (12288, 16384)
  Saved 5_acts_small_layer19_relu_20_20260612_144312/X_shard278.pt  (12288, 2304)
  Saved 5_acts_small_layer19_relu_20_20260612_144312/Z_shard278.pt  (12288, 16384)
  Saved 5_acts_small_layer19_relu_20_20260612_144312/X_shard279.pt  (12288, 2304)
  Saved 5_acts_small_layer19_relu_20_20260612_144312/Z_shard279.pt  (12288, 16384)
  Saved 5_acts_small_layer19_relu_20_20260612_144312/X_shard280.pt  (12288, 2304)
  Saved 5_acts_small_layer19_relu_20_20260612_144312/Z_shard280.pt  (12288, 16384)
  Saved 5_acts_small_layer19_relu_20_20260612_144312/X_shard281.pt  (12288, 2304)
  Saved 5_acts_small_layer19_relu_20_20260612_144312/Z_shard281.pt  (12288, 16384)
  Saved 5_acts_small_layer19_relu_20_20260612_144312/X_shard282.pt  (12288, 2304)
  Saved 5_acts_small_layer19_relu_20_20260612_144312/Z_shard282.pt  (12288, 16384)
  batch 850/1220 (4096 tokens buffered so far this shard) ...
  Saved 5_acts_small_layer19_relu_20_20260612_144312/X_shard283.pt  (12288, 2304)
  Saved 5_acts_small_layer19_relu_20_20260612_144312/Z_shard283.pt  (12288, 16384)
  Saved 5_acts_small_layer19_relu_20_20260612_144312/X_shard284.pt  (12288, 2304)
  Saved 5_acts_small_layer19_relu_20_20260612_144312/Z_shard284.pt  (12288, 16384)
  Saved 5_acts_small_layer19_relu_20_20260612_144312/X_shard285.pt  (12288, 2304)
  Saved 5_acts_small_layer19_relu_20_20260612_144312/Z_shard285.pt  (12288, 16384)
  Saved 5_acts_small_layer19_relu_20_20260612_144312/X_shard286.pt  (12288, 2304)
  Saved 5_acts_small_layer19_relu_20_20260612_144312/Z_shard286.pt  (12288, 16384)
  Saved 5_acts_small_layer19_relu_20_20260612_144312/X_shard287.pt  (12288, 2304)
  Saved 5_acts_small_layer19_relu_20_20260612_144312/Z_shard287.pt  (12288, 16384)
  Saved 5_acts_small_layer19_relu_20_20260612_144312/X_shard288.pt  (12288, 2304)
  Saved 5_acts_small_layer19_relu_20_20260612_144312/Z_shard288.pt  (12288, 16384)
  Saved 5_acts_small_layer19_relu_20_20260612_144312/X_shard289.pt  (12288, 2304)
  Saved 5_acts_small_layer19_relu_20_20260612_144312/Z_shard289.pt  (12288, 16384)
  Saved 5_acts_small_layer19_relu_20_20260612_144312/X_shard290.pt  (12288, 2304)
  Saved 5_acts_small_layer19_relu_20_20260612_144312/Z_shard290.pt  (12288, 16384)
  Saved 5_acts_small_layer19_relu_20_20260612_144312/X_shard291.pt  (12288, 2304)
  Saved 5_acts_small_layer19_relu_20_20260612_144312/Z_shard291.pt  (12288, 16384)
  Saved 5_acts_small_layer19_relu_20_20260612_144312/X_shard292.pt  (12288, 2304)
  Saved 5_acts_small_layer19_relu_20_20260612_144312/Z_shard292.pt  (12288, 16384)
  Saved 5_acts_small_layer19_relu_20_20260612_144312/X_shard293.pt  (12288, 2304)
  Saved 5_acts_small_layer19_relu_20_20260612_144312/Z_shard293.pt  (12288, 16384)
  Saved 5_acts_small_layer19_relu_20_20260612_144312/X_shard294.pt  (12288, 2304)
  Saved 5_acts_small_layer19_relu_20_20260612_144312/Z_shard294.pt  (12288, 16384)
  Saved 5_acts_small_layer19_relu_20_20260612_144312/X_shard295.pt  (12288, 2304)
  Saved 5_acts_small_layer19_relu_20_20260612_144312/Z_shard295.pt  (12288, 16384)
  Saved 5_acts_small_layer19_relu_20_20260612_144312/X_shard296.pt  (12288, 2304)
  Saved 5_acts_small_layer19_relu_20_20260612_144312/Z_shard296.pt  (12288, 16384)
  Saved 5_acts_small_layer19_relu_20_20260612_144312/X_shard297.pt  (12288, 2304)
  Saved 5_acts_small_layer19_relu_20_20260612_144312/Z_shard297.pt  (12288, 16384)
  Saved 5_acts_small_layer19_relu_20_20260612_144312/X_shard298.pt  (12288, 2304)
  Saved 5_acts_small_layer19_relu_20_20260612_144312/Z_shard298.pt  (12288, 16384)
  Saved 5_acts_small_layer19_relu_20_20260612_144312/X_shard299.pt  (12288, 2304)
  Saved 5_acts_small_layer19_relu_20_20260612_144312/Z_shard299.pt  (12288, 16384)
  batch 900/1220 (0 tokens buffered so far this shard) ...
  Saved 5_acts_small_layer19_relu_20_20260612_144312/X_shard300.pt  (12288, 2304)
  Saved 5_acts_small_layer19_relu_20_20260612_144312/Z_shard300.pt  (12288, 16384)
  Saved 5_acts_small_layer19_relu_20_20260612_144312/X_shard301.pt  (12288, 2304)
  Saved 5_acts_small_layer19_relu_20_20260612_144312/Z_shard301.pt  (12288, 16384)
  Saved 5_acts_small_layer19_relu_20_20260612_144312/X_shard302.pt  (12288, 2304)
  Saved 5_acts_small_layer19_relu_20_20260612_144312/Z_shard302.pt  (12288, 16384)
  Saved 5_acts_small_layer19_relu_20_20260612_144312/X_shard303.pt  (12288, 2304)
  Saved 5_acts_small_layer19_relu_20_20260612_144312/Z_shard303.pt  (12288, 16384)
  Saved 5_acts_small_layer19_relu_20_20260612_144312/X_shard304.pt  (12288, 2304)
  Saved 5_acts_small_layer19_relu_20_20260612_144312/Z_shard304.pt  (12288, 16384)
  Saved 5_acts_small_layer19_relu_20_20260612_144312/X_shard305.pt  (12288, 2304)
  Saved 5_acts_small_layer19_relu_20_20260612_144312/Z_shard305.pt  (12288, 16384)
  Saved 5_acts_small_layer19_relu_20_20260612_144312/X_shard306.pt  (12288, 2304)
  Saved 5_acts_small_layer19_relu_20_20260612_144312/Z_shard306.pt  (12288, 16384)
  Saved 5_acts_small_layer19_relu_20_20260612_144312/X_shard307.pt  (12288, 2304)
  Saved 5_acts_small_layer19_relu_20_20260612_144312/Z_shard307.pt  (12288, 16384)
  Saved 5_acts_small_layer19_relu_20_20260612_144312/X_shard308.pt  (12288, 2304)
  Saved 5_acts_small_layer19_relu_20_20260612_144312/Z_shard308.pt  (12288, 16384)
  Saved 5_acts_small_layer19_relu_20_20260612_144312/X_shard309.pt  (12288, 2304)
  Saved 5_acts_small_layer19_relu_20_20260612_144312/Z_shard309.pt  (12288, 16384)
  Saved 5_acts_small_layer19_relu_20_20260612_144312/X_shard310.pt  (12288, 2304)
  Saved 5_acts_small_layer19_relu_20_20260612_144312/Z_shard310.pt  (12288, 16384)
  Saved 5_acts_small_layer19_relu_20_20260612_144312/X_shard311.pt  (12288, 2304)
  Saved 5_acts_small_layer19_relu_20_20260612_144312/Z_shard311.pt  (12288, 16384)
  Saved 5_acts_small_layer19_relu_20_20260612_144312/X_shard312.pt  (12288, 2304)
  Saved 5_acts_small_layer19_relu_20_20260612_144312/Z_shard312.pt  (12288, 16384)
  Saved 5_acts_small_layer19_relu_20_20260612_144312/X_shard313.pt  (12288, 2304)
  Saved 5_acts_small_layer19_relu_20_20260612_144312/Z_shard313.pt  (12288, 16384)
  Saved 5_acts_small_layer19_relu_20_20260612_144312/X_shard314.pt  (12288, 2304)
  Saved 5_acts_small_layer19_relu_20_20260612_144312/Z_shard314.pt  (12288, 16384)
  Saved 5_acts_small_layer19_relu_20_20260612_144312/X_shard315.pt  (12288, 2304)
  Saved 5_acts_small_layer19_relu_20_20260612_144312/Z_shard315.pt  (12288, 16384)
  batch 950/1220 (8192 tokens buffered so far this shard) ...
  Saved 5_acts_small_layer19_relu_20_20260612_144312/X_shard316.pt  (12288, 2304)
  Saved 5_acts_small_layer19_relu_20_20260612_144312/Z_shard316.pt  (12288, 16384)
  Saved 5_acts_small_layer19_relu_20_20260612_144312/X_shard317.pt  (12288, 2304)
  Saved 5_acts_small_layer19_relu_20_20260612_144312/Z_shard317.pt  (12288, 16384)
  Saved 5_acts_small_layer19_relu_20_20260612_144312/X_shard318.pt  (12288, 2304)
  Saved 5_acts_small_layer19_relu_20_20260612_144312/Z_shard318.pt  (12288, 16384)
  Saved 5_acts_small_layer19_relu_20_20260612_144312/X_shard319.pt  (12288, 2304)
  Saved 5_acts_small_layer19_relu_20_20260612_144312/Z_shard319.pt  (12288, 16384)
  Saved 5_acts_small_layer19_relu_20_20260612_144312/X_shard320.pt  (12288, 2304)
  Saved 5_acts_small_layer19_relu_20_20260612_144312/Z_shard320.pt  (12288, 16384)
  Saved 5_acts_small_layer19_relu_20_20260612_144312/X_shard321.pt  (12288, 2304)
  Saved 5_acts_small_layer19_relu_20_20260612_144312/Z_shard321.pt  (12288, 16384)
  Saved 5_acts_small_layer19_relu_20_20260612_144312/X_shard322.pt  (12288, 2304)
  Saved 5_acts_small_layer19_relu_20_20260612_144312/Z_shard322.pt  (12288, 16384)
  Saved 5_acts_small_layer19_relu_20_20260612_144312/X_shard323.pt  (12288, 2304)
  Saved 5_acts_small_layer19_relu_20_20260612_144312/Z_shard323.pt  (12288, 16384)
  Saved 5_acts_small_layer19_relu_20_20260612_144312/X_shard324.pt  (12288, 2304)
  Saved 5_acts_small_layer19_relu_20_20260612_144312/Z_shard324.pt  (12288, 16384)
  Saved 5_acts_small_layer19_relu_20_20260612_144312/X_shard325.pt  (12288, 2304)
  Saved 5_acts_small_layer19_relu_20_20260612_144312/Z_shard325.pt  (12288, 16384)
  Saved 5_acts_small_layer19_relu_20_20260612_144312/X_shard326.pt  (12288, 2304)
  Saved 5_acts_small_layer19_relu_20_20260612_144312/Z_shard326.pt  (12288, 16384)
  Saved 5_acts_small_layer19_relu_20_20260612_144312/X_shard327.pt  (12288, 2304)
  Saved 5_acts_small_layer19_relu_20_20260612_144312/Z_shard327.pt  (12288, 16384)
  Saved 5_acts_small_layer19_relu_20_20260612_144312/X_shard328.pt  (12288, 2304)
  Saved 5_acts_small_layer19_relu_20_20260612_144312/Z_shard328.pt  (12288, 16384)
  Saved 5_acts_small_layer19_relu_20_20260612_144312/X_shard329.pt  (12288, 2304)
  Saved 5_acts_small_layer19_relu_20_20260612_144312/Z_shard329.pt  (12288, 16384)
  Saved 5_acts_small_layer19_relu_20_20260612_144312/X_shard330.pt  (12288, 2304)
  Saved 5_acts_small_layer19_relu_20_20260612_144312/Z_shard330.pt  (12288, 16384)
  Saved 5_acts_small_layer19_relu_20_20260612_144312/X_shard331.pt  (12288, 2304)
  Saved 5_acts_small_layer19_relu_20_20260612_144312/Z_shard331.pt  (12288, 16384)
  Saved 5_acts_small_layer19_relu_20_20260612_144312/X_shard332.pt  (12288, 2304)
  Saved 5_acts_small_layer19_relu_20_20260612_144312/Z_shard332.pt  (12288, 16384)
  batch 1000/1220 (4096 tokens buffered so far this shard) ...
  Saved 5_acts_small_layer19_relu_20_20260612_144312/X_shard333.pt  (12288, 2304)
  Saved 5_acts_small_layer19_relu_20_20260612_144312/Z_shard333.pt  (12288, 16384)
  Saved 5_acts_small_layer19_relu_20_20260612_144312/X_shard334.pt  (12288, 2304)
  Saved 5_acts_small_layer19_relu_20_20260612_144312/Z_shard334.pt  (12288, 16384)
  Saved 5_acts_small_layer19_relu_20_20260612_144312/X_shard335.pt  (12288, 2304)
  Saved 5_acts_small_layer19_relu_20_20260612_144312/Z_shard335.pt  (12288, 16384)
  Saved 5_acts_small_layer19_relu_20_20260612_144312/X_shard336.pt  (12288, 2304)
  Saved 5_acts_small_layer19_relu_20_20260612_144312/Z_shard336.pt  (12288, 16384)
  Saved 5_acts_small_layer19_relu_20_20260612_144312/X_shard337.pt  (12288, 2304)
  Saved 5_acts_small_layer19_relu_20_20260612_144312/Z_shard337.pt  (12288, 16384)
  Saved 5_acts_small_layer19_relu_20_20260612_144312/X_shard338.pt  (12288, 2304)
  Saved 5_acts_small_layer19_relu_20_20260612_144312/Z_shard338.pt  (12288, 16384)
  Saved 5_acts_small_layer19_relu_20_20260612_144312/X_shard339.pt  (12288, 2304)
  Saved 5_acts_small_layer19_relu_20_20260612_144312/Z_shard339.pt  (12288, 16384)
  Saved 5_acts_small_layer19_relu_20_20260612_144312/X_shard340.pt  (12288, 2304)
  Saved 5_acts_small_layer19_relu_20_20260612_144312/Z_shard340.pt  (12288, 16384)
  Saved 5_acts_small_layer19_relu_20_20260612_144312/X_shard341.pt  (12288, 2304)
  Saved 5_acts_small_layer19_relu_20_20260612_144312/Z_shard341.pt  (12288, 16384)
  Saved 5_acts_small_layer19_relu_20_20260612_144312/X_shard342.pt  (12288, 2304)
  Saved 5_acts_small_layer19_relu_20_20260612_144312/Z_shard342.pt  (12288, 16384)
  Saved 5_acts_small_layer19_relu_20_20260612_144312/X_shard343.pt  (12288, 2304)
  Saved 5_acts_small_layer19_relu_20_20260612_144312/Z_shard343.pt  (12288, 16384)
  Saved 5_acts_small_layer19_relu_20_20260612_144312/X_shard344.pt  (12288, 2304)
  Saved 5_acts_small_layer19_relu_20_20260612_144312/Z_shard344.pt  (12288, 16384)
  Saved 5_acts_small_layer19_relu_20_20260612_144312/X_shard345.pt  (12288, 2304)
  Saved 5_acts_small_layer19_relu_20_20260612_144312/Z_shard345.pt  (12288, 16384)
  Saved 5_acts_small_layer19_relu_20_20260612_144312/X_shard346.pt  (12288, 2304)
  Saved 5_acts_small_layer19_relu_20_20260612_144312/Z_shard346.pt  (12288, 16384)
  Saved 5_acts_small_layer19_relu_20_20260612_144312/X_shard347.pt  (12288, 2304)
  Saved 5_acts_small_layer19_relu_20_20260612_144312/Z_shard347.pt  (12288, 16384)
  Saved 5_acts_small_layer19_relu_20_20260612_144312/X_shard348.pt  (12288, 2304)
  Saved 5_acts_small_layer19_relu_20_20260612_144312/Z_shard348.pt  (12288, 16384)
  Saved 5_acts_small_layer19_relu_20_20260612_144312/X_shard349.pt  (12288, 2304)
  Saved 5_acts_small_layer19_relu_20_20260612_144312/Z_shard349.pt  (12288, 16384)
  batch 1050/1220 (0 tokens buffered so far this shard) ...
  Saved 5_acts_small_layer19_relu_20_20260612_144312/X_shard350.pt  (12288, 2304)
  Saved 5_acts_small_layer19_relu_20_20260612_144312/Z_shard350.pt  (12288, 16384)
  Saved 5_acts_small_layer19_relu_20_20260612_144312/X_shard351.pt  (12288, 2304)
  Saved 5_acts_small_layer19_relu_20_20260612_144312/Z_shard351.pt  (12288, 16384)
  Saved 5_acts_small_layer19_relu_20_20260612_144312/X_shard352.pt  (12288, 2304)
  Saved 5_acts_small_layer19_relu_20_20260612_144312/Z_shard352.pt  (12288, 16384)
  Saved 5_acts_small_layer19_relu_20_20260612_144312/X_shard353.pt  (12288, 2304)
  Saved 5_acts_small_layer19_relu_20_20260612_144312/Z_shard353.pt  (12288, 16384)
  Saved 5_acts_small_layer19_relu_20_20260612_144312/X_shard354.pt  (12288, 2304)
  Saved 5_acts_small_layer19_relu_20_20260612_144312/Z_shard354.pt  (12288, 16384)
  Saved 5_acts_small_layer19_relu_20_20260612_144312/X_shard355.pt  (12288, 2304)
  Saved 5_acts_small_layer19_relu_20_20260612_144312/Z_shard355.pt  (12288, 16384)
  Saved 5_acts_small_layer19_relu_20_20260612_144312/X_shard356.pt  (12288, 2304)
  Saved 5_acts_small_layer19_relu_20_20260612_144312/Z_shard356.pt  (12288, 16384)
  Saved 5_acts_small_layer19_relu_20_20260612_144312/X_shard357.pt  (12288, 2304)
  Saved 5_acts_small_layer19_relu_20_20260612_144312/Z_shard357.pt  (12288, 16384)
  Saved 5_acts_small_layer19_relu_20_20260612_144312/X_shard358.pt  (12288, 2304)
  Saved 5_acts_small_layer19_relu_20_20260612_144312/Z_shard358.pt  (12288, 16384)
  Saved 5_acts_small_layer19_relu_20_20260612_144312/X_shard359.pt  (12288, 2304)
  Saved 5_acts_small_layer19_relu_20_20260612_144312/Z_shard359.pt  (12288, 16384)
  Saved 5_acts_small_layer19_relu_20_20260612_144312/X_shard360.pt  (12288, 2304)
  Saved 5_acts_small_layer19_relu_20_20260612_144312/Z_shard360.pt  (12288, 16384)
  Saved 5_acts_small_layer19_relu_20_20260612_144312/X_shard361.pt  (12288, 2304)
  Saved 5_acts_small_layer19_relu_20_20260612_144312/Z_shard361.pt  (12288, 16384)
  Saved 5_acts_small_layer19_relu_20_20260612_144312/X_shard362.pt  (12288, 2304)
  Saved 5_acts_small_layer19_relu_20_20260612_144312/Z_shard362.pt  (12288, 16384)
  Saved 5_acts_small_layer19_relu_20_20260612_144312/X_shard363.pt  (12288, 2304)
  Saved 5_acts_small_layer19_relu_20_20260612_144312/Z_shard363.pt  (12288, 16384)
  Saved 5_acts_small_layer19_relu_20_20260612_144312/X_shard364.pt  (12288, 2304)
  Saved 5_acts_small_layer19_relu_20_20260612_144312/Z_shard364.pt  (12288, 16384)
  Saved 5_acts_small_layer19_relu_20_20260612_144312/X_shard365.pt  (12288, 2304)
  Saved 5_acts_small_layer19_relu_20_20260612_144312/Z_shard365.pt  (12288, 16384)
  batch 1100/1220 (8192 tokens buffered so far this shard) ...
  Saved 5_acts_small_layer19_relu_20_20260612_144312/X_shard366.pt  (12288, 2304)
  Saved 5_acts_small_layer19_relu_20_20260612_144312/Z_shard366.pt  (12288, 16384)
  Saved 5_acts_small_layer19_relu_20_20260612_144312/X_shard367.pt  (12288, 2304)
  Saved 5_acts_small_layer19_relu_20_20260612_144312/Z_shard367.pt  (12288, 16384)
  Saved 5_acts_small_layer19_relu_20_20260612_144312/X_shard368.pt  (12288, 2304)
  Saved 5_acts_small_layer19_relu_20_20260612_144312/Z_shard368.pt  (12288, 16384)
  Saved 5_acts_small_layer19_relu_20_20260612_144312/X_shard369.pt  (12288, 2304)
  Saved 5_acts_small_layer19_relu_20_20260612_144312/Z_shard369.pt  (12288, 16384)
  Saved 5_acts_small_layer19_relu_20_20260612_144312/X_shard370.pt  (12288, 2304)
  Saved 5_acts_small_layer19_relu_20_20260612_144312/Z_shard370.pt  (12288, 16384)
  Saved 5_acts_small_layer19_relu_20_20260612_144312/X_shard371.pt  (12288, 2304)
  Saved 5_acts_small_layer19_relu_20_20260612_144312/Z_shard371.pt  (12288, 16384)
  Saved 5_acts_small_layer19_relu_20_20260612_144312/X_shard372.pt  (12288, 2304)
  Saved 5_acts_small_layer19_relu_20_20260612_144312/Z_shard372.pt  (12288, 16384)
  Saved 5_acts_small_layer19_relu_20_20260612_144312/X_shard373.pt  (12288, 2304)
  Saved 5_acts_small_layer19_relu_20_20260612_144312/Z_shard373.pt  (12288, 16384)
  Saved 5_acts_small_layer19_relu_20_20260612_144312/X_shard374.pt  (12288, 2304)
  Saved 5_acts_small_layer19_relu_20_20260612_144312/Z_shard374.pt  (12288, 16384)
  Saved 5_acts_small_layer19_relu_20_20260612_144312/X_shard375.pt  (12288, 2304)
  Saved 5_acts_small_layer19_relu_20_20260612_144312/Z_shard375.pt  (12288, 16384)
  Saved 5_acts_small_layer19_relu_20_20260612_144312/X_shard376.pt  (12288, 2304)
  Saved 5_acts_small_layer19_relu_20_20260612_144312/Z_shard376.pt  (12288, 16384)
  Saved 5_acts_small_layer19_relu_20_20260612_144312/X_shard377.pt  (12288, 2304)
  Saved 5_acts_small_layer19_relu_20_20260612_144312/Z_shard377.pt  (12288, 16384)
  Saved 5_acts_small_layer19_relu_20_20260612_144312/X_shard378.pt  (12288, 2304)
  Saved 5_acts_small_layer19_relu_20_20260612_144312/Z_shard378.pt  (12288, 16384)
  Saved 5_acts_small_layer19_relu_20_20260612_144312/X_shard379.pt  (12288, 2304)
  Saved 5_acts_small_layer19_relu_20_20260612_144312/Z_shard379.pt  (12288, 16384)
  Saved 5_acts_small_layer19_relu_20_20260612_144312/X_shard380.pt  (12288, 2304)
  Saved 5_acts_small_layer19_relu_20_20260612_144312/Z_shard380.pt  (12288, 16384)
  Saved 5_acts_small_layer19_relu_20_20260612_144312/X_shard381.pt  (12288, 2304)
  Saved 5_acts_small_layer19_relu_20_20260612_144312/Z_shard381.pt  (12288, 16384)
  Saved 5_acts_small_layer19_relu_20_20260612_144312/X_shard382.pt  (12288, 2304)
  Saved 5_acts_small_layer19_relu_20_20260612_144312/Z_shard382.pt  (12288, 16384)
  batch 1150/1220 (4096 tokens buffered so far this shard) ...
  Saved 5_acts_small_layer19_relu_20_20260612_144312/X_shard383.pt  (12288, 2304)
  Saved 5_acts_small_layer19_relu_20_20260612_144312/Z_shard383.pt  (12288, 16384)
  Saved 5_acts_small_layer19_relu_20_20260612_144312/X_shard384.pt  (12288, 2304)
  Saved 5_acts_small_layer19_relu_20_20260612_144312/Z_shard384.pt  (12288, 16384)
  Saved 5_acts_small_layer19_relu_20_20260612_144312/X_shard385.pt  (12288, 2304)
  Saved 5_acts_small_layer19_relu_20_20260612_144312/Z_shard385.pt  (12288, 16384)
  Saved 5_acts_small_layer19_relu_20_20260612_144312/X_shard386.pt  (12288, 2304)
  Saved 5_acts_small_layer19_relu_20_20260612_144312/Z_shard386.pt  (12288, 16384)
  Saved 5_acts_small_layer19_relu_20_20260612_144312/X_shard387.pt  (12288, 2304)
  Saved 5_acts_small_layer19_relu_20_20260612_144312/Z_shard387.pt  (12288, 16384)
  Saved 5_acts_small_layer19_relu_20_20260612_144312/X_shard388.pt  (12288, 2304)
  Saved 5_acts_small_layer19_relu_20_20260612_144312/Z_shard388.pt  (12288, 16384)
  Saved 5_acts_small_layer19_relu_20_20260612_144312/X_shard389.pt  (12288, 2304)
  Saved 5_acts_small_layer19_relu_20_20260612_144312/Z_shard389.pt  (12288, 16384)
  Saved 5_acts_small_layer19_relu_20_20260612_144312/X_shard390.pt  (12288, 2304)
  Saved 5_acts_small_layer19_relu_20_20260612_144312/Z_shard390.pt  (12288, 16384)
  Saved 5_acts_small_layer19_relu_20_20260612_144312/X_shard391.pt  (12288, 2304)
  Saved 5_acts_small_layer19_relu_20_20260612_144312/Z_shard391.pt  (12288, 16384)
  Saved 5_acts_small_layer19_relu_20_20260612_144312/X_shard392.pt  (12288, 2304)
  Saved 5_acts_small_layer19_relu_20_20260612_144312/Z_shard392.pt  (12288, 16384)
  Saved 5_acts_small_layer19_relu_20_20260612_144312/X_shard393.pt  (12288, 2304)
  Saved 5_acts_small_layer19_relu_20_20260612_144312/Z_shard393.pt  (12288, 16384)
  Saved 5_acts_small_layer19_relu_20_20260612_144312/X_shard394.pt  (12288, 2304)
  Saved 5_acts_small_layer19_relu_20_20260612_144312/Z_shard394.pt  (12288, 16384)
  Saved 5_acts_small_layer19_relu_20_20260612_144312/X_shard395.pt  (12288, 2304)
  Saved 5_acts_small_layer19_relu_20_20260612_144312/Z_shard395.pt  (12288, 16384)
  Saved 5_acts_small_layer19_relu_20_20260612_144312/X_shard396.pt  (12288, 2304)
  Saved 5_acts_small_layer19_relu_20_20260612_144312/Z_shard396.pt  (12288, 16384)
  Saved 5_acts_small_layer19_relu_20_20260612_144312/X_shard397.pt  (12288, 2304)
  Saved 5_acts_small_layer19_relu_20_20260612_144312/Z_shard397.pt  (12288, 16384)
  Saved 5_acts_small_layer19_relu_20_20260612_144312/X_shard398.pt  (12288, 2304)
  Saved 5_acts_small_layer19_relu_20_20260612_144312/Z_shard398.pt  (12288, 16384)
  Saved 5_acts_small_layer19_relu_20_20260612_144312/X_shard399.pt  (12288, 2304)
  Saved 5_acts_small_layer19_relu_20_20260612_144312/Z_shard399.pt  (12288, 16384)
  batch 1200/1220 (0 tokens buffered so far this shard) ...
  Saved 5_acts_small_layer19_relu_20_20260612_144312/X_shard400.pt  (12288, 2304)
  Saved 5_acts_small_layer19_relu_20_20260612_144312/Z_shard400.pt  (12288, 16384)
  Saved 5_acts_small_layer19_relu_20_20260612_144312/X_shard401.pt  (12288, 2304)
  Saved 5_acts_small_layer19_relu_20_20260612_144312/Z_shard401.pt  (12288, 16384)
  Saved 5_acts_small_layer19_relu_20_20260612_144312/X_shard402.pt  (12288, 2304)
  Saved 5_acts_small_layer19_relu_20_20260612_144312/Z_shard402.pt  (12288, 16384)
  Saved 5_acts_small_layer19_relu_20_20260612_144312/X_shard403.pt  (12288, 2304)
  Saved 5_acts_small_layer19_relu_20_20260612_144312/Z_shard403.pt  (12288, 16384)
  Saved 5_acts_small_layer19_relu_20_20260612_144312/X_shard404.pt  (12288, 2304)
  Saved 5_acts_small_layer19_relu_20_20260612_144312/Z_shard404.pt  (12288, 16384)
  Saved 5_acts_small_layer19_relu_20_20260612_144312/X_shard405.pt  (12288, 2304)
  Saved 5_acts_small_layer19_relu_20_20260612_144312/Z_shard405.pt  (12288, 16384)
